2026-02-14 11:41:33,940 - datasetFactory - INFO - 82210 - mnist
2026-02-14 11:41:33,940 - datasetFactory - INFO - 82211 - mnist
2026-02-14 11:41:33,940 - TorchvisionDatasetController - INFO - 82210 - <bound method DataPartitioner.homo of <datasets.Partition_Data.DataPartitioner object at 0x110da92e0>>
2026-02-14 11:41:33,940 - TorchvisionDatasetController - INFO - 82211 - <bound method DataPartitioner.homo of <datasets.Partition_Data.DataPartitioner object at 0x118c292e0>>
2026-02-14 11:41:33,940 - DataPartitioner - INFO - 82210 - homo
2026-02-14 11:41:33,940 - DataPartitioner - INFO - 82211 - homo
2026-02-14 11:41:33,940 - TorchvisionDatasetController - INFO - 82210 - /Users/grigoristzortzakis/Documents/PHD/Split Experiments/Split-Framework/datasets/downloads
2026-02-14 11:41:33,940 - TorchvisionDatasetController - INFO - 82211 - /Users/grigoristzortzakis/Documents/PHD/Split Experiments/Split-Framework/datasets/downloads
2026-02-14 11:41:33,996 - TorchvisionDatasetController - INFO - 82211 - rank = 1, local_sample_number = 6000
2026-02-14 11:41:34,010 - TorchvisionDatasetController - INFO - 82210 - train_dl_global number = 468
2026-02-14 11:41:34,010 - TorchvisionDatasetController - INFO - 82210 - test_dl_global number = 79
2026-02-14 11:41:34,012 - main - INFO - 82210 - Process 0 initialized with device: cpu
2026-02-14 11:41:34,012 - SplitNN_distributed - INFO - 82210 - process_id == server_rank : 0
2026-02-14 11:41:34,015 - init_server - INFO - 82210 - Server run begin vanilla
2026-02-14 11:41:34,024 - TorchvisionDatasetController - INFO - 82211 - process_id = 1, batch_num_train_local = 46, batch_num_test_local = 79
2026-02-14 11:41:34,025 - main - INFO - 82211 - Process 1 initialized with device: cpu
2026-02-14 11:41:34,025 - SplitNN_distributed - INFO - 82211 - process_id == client_rank : 1
2026-02-14 11:41:34,027 - init_client - INFO - 82211 - Client 1 run begin
2026-02-14 11:41:34,098 - SplitNNServer - INFO - 82210 - phase=train acc=0.125 loss=2.45044207572937 epoch=0 and step=0
2026-02-14 11:41:35,034 - SplitNNServer - INFO - 82210 - phase=train acc=0.3259943181818182 loss=1.792283058166504 epoch=0 and step=10
2026-02-14 11:41:35,900 - SplitNNServer - INFO - 82210 - phase=train acc=0.5215773809523809 loss=0.7308661937713623 epoch=0 and step=20
2026-02-14 11:41:36,868 - SplitNNServer - INFO - 82210 - phase=train acc=0.6176915322580645 loss=0.3955385386943817 epoch=0 and step=30
2026-02-14 11:41:37,913 - SplitNNServer - INFO - 82210 - phase=train acc=0.6764481707317073 loss=0.39371973276138306 epoch=0 and step=40
2026-02-14 11:41:38,503 - SplitNNClient - INFO - 82211 - worker_num=1 epoch_send=67881832 epoch_receive=67834728 total_send=67881832 total_receive=67834728 send_by_category={'ACTS': 67881832} recv_by_category={'GRADS': 67834728} send_by_type={2: 67881832} recv_by_type={1: 67834728}
2026-02-14 11:41:40,152 - SplitNNServer - INFO - 82210 - phase=validation acc=0.9182 loss=0.26654031613393675 epoch=0 and step=79
2026-02-14 11:41:42,327 - SplitNNServer - INFO - 82210 - phase=train acc=0.921875 loss=0.2906601130962372 epoch=1 and step=0
2026-02-14 11:41:43,287 - SplitNNServer - INFO - 82210 - phase=train acc=0.921875 loss=0.1891428828239441 epoch=1 and step=10
2026-02-14 11:41:44,414 - SplitNNServer - INFO - 82210 - phase=train acc=0.9281994047619048 loss=0.25917112827301025 epoch=1 and step=20
2026-02-14 11:41:45,389 - SplitNNServer - INFO - 82210 - phase=train acc=0.9291834677419355 loss=0.24590903520584106 epoch=1 and step=30
2026-02-14 11:41:46,402 - SplitNNServer - INFO - 82210 - phase=train acc=0.934641768292683 loss=0.14163585007190704 epoch=1 and step=40
2026-02-14 11:41:47,000 - SplitNNClient - INFO - 82211 - worker_num=1 epoch_send=251054838 epoch_receive=135671774 total_send=251054838 total_receive=135671774 send_by_category={'ACTS': 251052196, 'MODEL': 2206, 'OTHER': 436} recv_by_category={'GRADS': 135669456, 'OTHER': 112, 'MODEL': 2206} send_by_type={2: 251052196, 7: 2206, 3: 108, 4: 108, 6: 112, 10: 108} recv_by_type={1: 135669456, 6: 112, 8: 2206}
2026-02-14 11:41:48,675 - SplitNNServer - INFO - 82210 - phase=validation acc=0.954 loss=0.15341376413037128 epoch=1 and step=79
2026-02-14 11:41:50,909 - SplitNNServer - INFO - 82210 - phase=train acc=0.9921875 loss=0.04071088135242462 epoch=2 and step=0
2026-02-14 11:41:51,863 - SplitNNServer - INFO - 82210 - phase=train acc=0.9673295454545454 loss=0.08533623814582825 epoch=2 and step=10
2026-02-14 11:41:52,771 - SplitNNServer - INFO - 82210 - phase=train acc=0.9661458333333334 loss=0.07083399593830109 epoch=2 and step=20
2026-02-14 11:41:53,786 - SplitNNServer - INFO - 82210 - phase=train acc=0.9662298387096774 loss=0.09646397083997726 epoch=2 and step=30
2026-02-14 11:41:54,763 - SplitNNServer - INFO - 82210 - phase=train acc=0.9632240853658537 loss=0.08508486300706863 epoch=2 and step=40
2026-02-14 11:41:55,333 - SplitNNClient - INFO - 82211 - worker_num=1 epoch_send=434227844 epoch_receive=203508820 total_send=434227844 total_receive=203508820 send_by_category={'ACTS': 434222560, 'MODEL': 4412, 'OTHER': 872} recv_by_category={'GRADS': 203504184, 'OTHER': 224, 'MODEL': 4412} send_by_type={2: 434222560, 7: 4412, 3: 216, 4: 216, 6: 224, 10: 216} recv_by_type={1: 203504184, 6: 224, 8: 4412}
2026-02-14 11:41:56,877 - SplitNNServer - INFO - 82210 - phase=validation acc=0.964 loss=0.12097361016594156 epoch=2 and step=79
2026-02-14 11:41:59,158 - SplitNNServer - INFO - 82210 - phase=train acc=0.984375 loss=0.07085878401994705 epoch=3 and step=0
2026-02-14 11:42:00,138 - SplitNNServer - INFO - 82210 - phase=train acc=0.9708806818181818 loss=0.04963076859712601 epoch=3 and step=10
2026-02-14 11:42:01,197 - SplitNNServer - INFO - 82210 - phase=train acc=0.9694940476190477 loss=0.10401516407728195 epoch=3 and step=20
2026-02-14 11:42:02,144 - SplitNNServer - INFO - 82210 - phase=train acc=0.9715221774193549 loss=0.026973124593496323 epoch=3 and step=30
2026-02-14 11:42:03,074 - SplitNNServer - INFO - 82210 - phase=train acc=0.973704268292683 loss=0.05385114625096321 epoch=3 and step=40
2026-02-14 11:42:03,548 - SplitNNClient - INFO - 82211 - worker_num=1 epoch_send=617400850 epoch_receive=271345866 total_send=617400850 total_receive=271345866 send_by_category={'ACTS': 617392924, 'MODEL': 6618, 'OTHER': 1308} recv_by_category={'GRADS': 271338912, 'OTHER': 336, 'MODEL': 6618} send_by_type={2: 617392924, 7: 6618, 3: 324, 4: 324, 6: 336, 10: 324} recv_by_type={1: 271338912, 6: 336, 8: 6618}
2026-02-14 11:42:05,321 - SplitNNServer - INFO - 82210 - phase=validation acc=0.9634 loss=0.11424807409307908 epoch=3 and step=79
