2026-05-11 13:40:01,124 - datasetFactory - INFO - 22760 - cifar10
2026-05-11 13:40:01,174 - datasetFactory - INFO - 3784 - cifar10
2026-05-11 13:40:01,528 - TorchvisionDatasetController - INFO - 22760 - <bound method DataPartitioner.base_on_class of <datasets.Partition_Data.DataPartitioner object at 0x000001EC6137E900>>
2026-05-11 13:40:01,528 - DataPartitioner - INFO - 22760 - base_on_class
und method DataPartitioner.base_on_class of <datasets.Partition_Data.DataPartitioner object at 0x00000253D209F950>>
2026-05-11 13:40:01,528 - DataPartitioner - INFO - 3784 - base_on_class
:\phd\Split-Experiments\Split-Framework\datasets\downloads
2026-05-11 13:40:01,528 - TorchvisionDatasetController - INFO - 3784 - F:\phd\Split-Experiments\Split-Framework\datasets\downloads
2026-05-11 13:40:04,265 - DataPartitioner - INFO - 3784 - [[0, 1, 2, 3, 4, 5, 6, 7, 8, 9]]

2026-05-11 13:40:04,303 - TorchvisionDatasetController - INFO - 3784 - rank = 1, local_sample_number = 50000
2026-05-11 13:40:05,374 - TorchvisionDatasetController - INFO - 22760 - train_dl_global number = 48
2026-05-11 13:40:05,374 - TorchvisionDatasetController - INFO - 22760 - test_dl_global number = 10
2026-05-11 13:40:05,390 - main - INFO - 22760 - Process 0 initialized with device: cpu
2026-05-11 13:40:05,390 - SplitNN_distributed - INFO - 22760 - process_id == server_rank : 0
2026-05-11 13:40:05,415 - TorchvisionDatasetController - INFO - 3784 - process_id = 1, batch_num_train_local = 48, batch_num_test_local = 10
2026-05-11 13:40:05,427 - main - INFO - 3784 - Process 1 initialized with device: cpu
2026-05-11 13:40:05,427 - SplitNN_distributed - INFO - 3784 - process_id == client_rank : 1
2026-05-11 13:40:05,432 - init_server - INFO - 22760 - Server run begin vanilla
2026-05-11 13:40:05,551 - init_client - INFO - 3784 - Client 1 run begin
2026-05-11 13:40:15,225 - CommBreakdown - INFO - 3784 - tensor_distribution rank=1 node_type=client phase=train epoch=0 sample=early/middle/late tensor=activations[0] shape=(1024, 64, 16, 16) mean=0.865526 std=1.08414 min=0 max=18.8941 mean_abs=0.865526 max_abs=18.8941 p95_abs=3.03571 p99_abs=4.67232 skewness=1.88105 kurtosis=8.05649 mean_channel_std=1.07397 std_channel_std=0.142549 max_channel_scale_over_min_channel_scale=2.62936 spread=high spread_score=1.25258 outliers=medium outlier_score=2.01741 near_zero=medium near_zero_fraction=0.350705
