2026-05-15 12:06:57,163 - datasetFactory - INFO - 15408 - resource_usage phase=startup seq=0 rank=0 variants=SplitFed pid=15408 ppid=19664 process_cpu_pct=0.0 process_rss_mb=586.27 process_vms_mb=1692.5 process_threads=31 system_cpu_pct=0.0 system_ram_pct=82.2 system_ram_used_mb=12757.93 system_ram_available_mb=2761.76 process_uss_mb=434.71 process_handles=446 gpu_state=unavailable
2026-05-15 12:06:57,164 - datasetFactory - INFO - 21296 - resource_usage phase=startup seq=0 rank=1 variants=SplitFed pid=21296 ppid=14852 process_cpu_pct=0.0 process_rss_mb=586.19 process_vms_mb=1692.35 process_threads=31 system_cpu_pct=0.0 system_ram_pct=82.2 system_ram_used_mb=12759.73 system_ram_available_mb=2759.95 process_uss_mb=434.64 process_handles=443 gpu_state=unavailable
2026-05-15 12:06:57,164 - datasetFactory - INFO - 15408 - cifar10
2026-05-15 12:06:57,165 - datasetFactory - INFO - 6396 - resource_usage phase=startup seq=0 rank=6 variants=SplitFed pid=6396 ppid=16180 process_cpu_pct=0.0 process_rss_mb=586.49 process_vms_mb=1692.73 process_threads=31 system_cpu_pct=0.0 system_ram_pct=82.2 system_ram_used_mb=12761.5 system_ram_available_mb=2758.18 process_uss_mb=434.92 process_handles=443 gpu_state=unavailable


2026-05-15 12:06:57,165 - datasetFactory - INFO - 21296 - cifar10
2026-05-15 12:06:57,165 - datasetFactory - INFO - 18784 - resource_usage phase=startup seq=0 rank=5 variants=SplitFed pid=18784 ppid=16760 process_cpu_pct=0.0 process_rss_mb=588.74 process_vms_mb=1695.49 process_threads=31 system_cpu_pct=0.0 system_ram_pct=82.2 system_ram_used_mb=12761.5 system_ram_available_mb=2758.18 process_uss_mb=437.18 process_handles=443 gpu_state=unavailable
2026-05-15 12:06:57,166 - datasetFactory - INFO - 20460 - cifar10
2026-05-15 12:06:57,166 - datasetFactory - INFO - 18784 - cifar10
2026-05-15 12:06:57,240 - TorchvisionDatasetController - INFO - 21296 - <bound method DataPartitioner.homo of <datasets.Partition_Data.DataPartitioner object at 0x000002836DB55460>>
2026-05-15 12:06:57,240 - DataPartitioner - INFO - 21296 - homo
2026-05-15 12:06:57,240 - TorchvisionDatasetController - INFO - 21296 - F:\phd\Split-Experiments\Split-Framework\datasets\downloads
2026-05-15 12:06:57,242 - TorchvisionDatasetController - INFO - 20460 - <bound method DataPartitioner.homo of <datasets.Partition_Data.DataPartitioner object at 0x000001FE39CEFB90>>
2026-05-15 12:06:57,242 - DataPartitioner - INFO - 20460 - homo
2026-05-15 12:06:57,242 - TorchvisionDatasetController - INFO - 20460 - F:\phd\Split-Experiments\Split-Framework\datasets\downloads
2026-05-15 12:06:57,243 - TorchvisionDatasetController - INFO - 20152 - <bound method DataPartitioner.homo of <datasets.Partition_Data.DataPartitioner object at 0x000002737DB2FB90>>
2026-05-15 12:06:57,243 - DataPartitioner - INFO - 20152 - homo
2026-05-15 12:06:57,243 - main - INFO - 6396 - Process 6 initialized with device: cpu
2026-05-15 12:06:57,243 - TorchvisionDatasetController - INFO - 20152 - F:\phd\Split-Experiments\Split-Framework\datasets\downloads
2026-05-15 12:06:57,243 - SplitNN_distributed - INFO - 6396 - process_id == fed_server_rank : 6
2026-05-15 12:06:57,244 - TorchvisionDatasetController - INFO - 24824 - <bound method DataPartitioner.homo of <datasets.Partition_Data.DataPartitioner object at 0x000001DBAD0D5D90>>
2026-05-15 12:06:57,244 - DataPartitioner - INFO - 24824 - homo
2026-05-15 12:06:57,244 - TorchvisionDatasetController - INFO - 24824 - F:\phd\Split-Experiments\Split-Framework\datasets\downloads
2026-05-15 12:06:57,245 - TorchvisionDatasetController - INFO - 18784 - <bound method DataPartitioner.homo of <datasets.Partition_Data.DataPartitioner object at 0x0000021508A7D250>>
2026-05-15 12:06:57,245 - DataPartitioner - INFO - 18784 - homo
2026-05-15 12:06:57,245 - TorchvisionDatasetController - INFO - 18784 - F:\phd\Split-Experiments\Split-Framework\datasets\downloads
2026-05-15 12:06:57,335 - TorchvisionDatasetController - INFO - 15408 - <bound method DataPartitioner.homo of <datasets.Partition_Data.DataPartitioner object at 0x000002049E3FFB90>>
2026-05-15 12:06:57,335 - DataPartitioner - INFO - 15408 - homo
2026-05-15 12:06:57,335 - TorchvisionDatasetController - INFO - 15408 - F:\phd\Split-Experiments\Split-Framework\datasets\downloads
2026-05-15 12:06:58,480 - TorchvisionDatasetController - INFO - 24824 - rank = 2, local_sample_number = 10000
2026-05-15 12:06:58,480 - TorchvisionDatasetController - INFO - 20152 - rank = 3, local_sample_number = 10000
2026-05-15 12:06:58,480 - TorchvisionDatasetController - INFO - 18784 - rank = 5, local_sample_number = 10000
2026-05-15 12:06:58,481 - TorchvisionDatasetController - INFO - 20460 - rank = 4, local_sample_number = 10000
2026-05-15 12:06:58,481 - TorchvisionDatasetController - INFO - 21296 - rank = 1, local_sample_number = 10000
2026-05-15 12:07:00,992 - TorchvisionDatasetController - INFO - 20460 - process_id = 4, batch_num_train_local = 78, batch_num_test_local = 79
2026-05-15 12:07:00,992 - TorchvisionDatasetController - INFO - 21296 - process_id = 1, batch_num_train_local = 78, batch_num_test_local = 79
2026-05-15 12:07:00,992 - TorchvisionDatasetController - INFO - 18784 - process_id = 5, batch_num_train_local = 78, batch_num_test_local = 79
2026-05-15 12:07:00,992 - TorchvisionDatasetController - INFO - 20152 - process_id = 3, batch_num_train_local = 78, batch_num_test_local = 79
2026-05-15 12:07:00,992 - TorchvisionDatasetController - INFO - 15408 - train_dl_global number = 390
2026-05-15 12:07:00,992 - TorchvisionDatasetController - INFO - 24824 - process_id = 2, batch_num_train_local = 78, batch_num_test_local = 79
2026-05-15 12:07:00,992 - TorchvisionDatasetController - INFO - 15408 - test_dl_global number = 79
2026-05-15 12:07:00,998 - main - INFO - 15408 - Process 0 initialized with device: cuda:0
2026-05-15 12:07:00,998 - main - INFO - 20460 - Process 4 initialized with device: cpu
2026-05-15 12:07:00,998 - SplitNN_distributed - INFO - 15408 - process_id == server_rank : 0
2026-05-15 12:07:00,998 - main - INFO - 20152 - Process 3 initialized with device: cpu
2026-05-15 12:07:00,998 - main - INFO - 18784 - Process 5 initialized with device: cpu
2026-05-15 12:07:00,998 - main - INFO - 24824 - Process 2 initialized with device: cpu
2026-05-15 12:07:00,999 - main - INFO - 21296 - Process 1 initialized with device: cpu
2026-05-15 12:07:00,999 - SplitNN_distributed - INFO - 20460 - process_id == client_rank : 4
2026-05-15 12:07:00,999 - SplitNN_distributed - INFO - 20152 - process_id == client_rank : 3
2026-05-15 12:07:00,999 - SplitNN_distributed - INFO - 18784 - process_id == client_rank : 5
2026-05-15 12:07:00,999 - SplitNN_distributed - INFO - 24824 - process_id == client_rank : 2
2026-05-15 12:07:00,999 - SplitNN_distributed - INFO - 21296 - process_id == client_rank : 1
2026-05-15 12:07:01,184 - datasetFactory - INFO - 21296 - resource_usage phase=shutdown seq=1 rank=1 variants=SplitFed pid=21296 ppid=14852 process_cpu_pct=0.0 process_rss_mb=694.23 process_vms_mb=1820.37 process_threads=32 system_cpu_pct=25.8 system_ram_pct=86.2 system_ram_used_mb=13381.38 system_ram_available_mb=2138.3 process_uss_mb=541.2 process_handles=476 gpu_state=unavailable
2026-05-15 12:07:01,184 - datasetFactory - INFO - 18784 - resource_usage phase=shutdown seq=1 rank=5 variants=SplitFed pid=18784 ppid=16760 process_cpu_pct=0.0 process_rss_mb=696.05 process_vms_mb=1822.74 process_threads=32 system_cpu_pct=25.8 system_ram_pct=86.3 system_ram_used_mb=13388.02 system_ram_available_mb=2131.32 process_uss_mb=543.5 process_handles=476 gpu_state=unavailable
2026-05-15 12:07:01,184 - datasetFactory - INFO - 6396 - resource_usage phase=shutdown seq=1 rank=6 variants=SplitFed pid=6396 ppid=16180 process_cpu_pct=0.0 process_rss_mb=631.77 process_vms_mb=1757.95 process_threads=32 system_cpu_pct=25.8 system_ram_pct=86.3 system_ram_used_mb=13388.02 system_ram_available_mb=2131.32 process_uss_mb=479.12 process_handles=470 gpu_state=unavailable

2026-05-15 12:07:01,294 - datasetFactory - INFO - 15408 - resource_usage phase=shutdown seq=1 rank=0 variants=SplitFed pid=15408 ppid=19664 process_cpu_pct=0.0 process_rss_mb=889.6 process_vms_mb=2211.89 process_threads=33 system_cpu_pct=25.8 system_ram_pct=86.3 system_ram_used_mb=13388.02 system_ram_available_mb=2131.32 process_uss_mb=734.88 process_handles=487 gpu_free_mb=10971.0 gpu_total_mb=12226.56 gpu_allocated_mb=42.1 gpu_reserved_mb=64.0 gpu_max_allocated_mb=42.1 gpu_max_reserved_mb=64.0 gpu_index=0 gpu_name=NVIDIA GeForce RTX 5070 gpu_util_pct=0 gpu_mem_util_pct=1 gpu_mem_used_mb=1305 gpu_mem_total_mb=12227 gpu_temp_c=54 gpu_power_w=39.68
