2026-05-16 21:39:13,939 - datasetFactory - INFO - 36 - cifar10
2026-05-16 21:39:13,939 - datasetFactory - INFO - 36 - cifar10
2026-05-16 21:39:13,939 - datasetFactory - INFO - 36 - cifar10
2026-05-16 21:39:13,939 - datasetFactory - INFO - 36 - cifar10
2026-05-16 21:39:13,939 - datasetFactory - INFO - 36 - cifar10
2026-05-16 21:39:13,945 - datasetFactory - INFO - 36 - cifar10
2026-05-16 21:39:13,952 - datasetFactory - INFO - 72 - cifar10
2026-05-16 21:39:14,293 - TorchvisionDatasetController - INFO - 36 - <bound method DataPartitioner.homo of <datasets.Partition_Data.DataPartitioner object at 0x7a39f9a8d7d0>>
2026-05-16 21:39:14,293 - DataPartitioner - INFO - 36 - homo
2026-05-16 21:39:14,293 - TorchvisionDatasetController - INFO - 36 - /workspace/Split-Framework/datasets/downloads
2026-05-16 21:39:14,302 - TorchvisionDatasetController - INFO - 36 - <bound method DataPartitioner.homo of <datasets.Partition_Data.DataPartitioner object at 0x7193b2e45cd0>>
2026-05-16 21:39:14,302 - DataPartitioner - INFO - 36 - homo
2026-05-16 21:39:14,302 - TorchvisionDatasetController - INFO - 36 - /workspace/Split-Framework/datasets/downloads
2026-05-16 21:39:14,312 - TorchvisionDatasetController - INFO - 36 - <bound method DataPartitioner.homo of <datasets.Partition_Data.DataPartitioner object at 0x76cc3bc53350>>
2026-05-16 21:39:14,312 - DataPartitioner - INFO - 36 - homo
2026-05-16 21:39:14,313 - TorchvisionDatasetController - INFO - 36 - /workspace/Split-Framework/datasets/downloads
2026-05-16 21:39:14,323 - main - INFO - 36 - Process 6 initialized with device: cpu
2026-05-16 21:39:14,330 - TorchvisionDatasetController - INFO - 36 - <bound method DataPartitioner.homo of <datasets.Partition_Data.DataPartitioner object at 0x741ea8db5a90>>
2026-05-16 21:39:14,330 - SplitNN_distributed - INFO - 36 - process_id == fed_server_rank : 6
2026-05-16 21:39:14,331 - DataPartitioner - INFO - 36 - homo
2026-05-16 21:39:14,331 - TorchvisionDatasetController - INFO - 36 - /workspace/Split-Framework/datasets/downloads
2026-05-16 21:39:14,337 - TorchvisionDatasetController - INFO - 36 - <bound method DataPartitioner.homo of <datasets.Partition_Data.DataPartitioner object at 0x746516c0a2d0>>
2026-05-16 21:39:14,337 - DataPartitioner - INFO - 36 - homo
2026-05-16 21:39:14,338 - TorchvisionDatasetController - INFO - 36 - /workspace/Split-Framework/datasets/downloads
2026-05-16 21:39:14,509 - TorchvisionDatasetController - INFO - 72 - <bound method DataPartitioner.homo of <datasets.Partition_Data.DataPartitioner object at 0x71327b997610>>
2026-05-16 21:39:14,510 - DataPartitioner - INFO - 72 - homo
2026-05-16 21:39:14,510 - TorchvisionDatasetController - INFO - 72 - /workspace/Split-Framework/datasets/downloads
2026-05-16 21:39:14,817 - init_fed_server - INFO - 36 - FedServer run begin SplitFed
2026-05-16 21:39:24,114 - TorchvisionDatasetController - INFO - 36 - rank = 1, local_sample_number = 10000
2026-05-16 21:39:24,525 - TorchvisionDatasetController - INFO - 36 - rank = 3, local_sample_number = 10000
2026-05-16 21:39:24,724 - TorchvisionDatasetController - INFO - 36 - rank = 5, local_sample_number = 10000
2026-05-16 21:39:24,755 - TorchvisionDatasetController - INFO - 36 - rank = 4, local_sample_number = 10000
2026-05-16 21:39:24,856 - TorchvisionDatasetController - INFO - 36 - rank = 2, local_sample_number = 10000
2026-05-16 21:39:34,166 - TorchvisionDatasetController - INFO - 36 - process_id = 1, batch_num_train_local = 78, batch_num_test_local = 79
2026-05-16 21:39:34,179 - main - INFO - 36 - Process 1 initialized with device: cpu
2026-05-16 21:39:34,187 - SplitNN_distributed - INFO - 36 - process_id == client_rank : 1
2026-05-16 21:39:34,536 - init_client - INFO - 36 - Client 1 run begin
2026-05-16 21:39:35,193 - TorchvisionDatasetController - INFO - 36 - process_id = 4, batch_num_train_local = 78, batch_num_test_local = 79
2026-05-16 21:39:35,198 - TorchvisionDatasetController - INFO - 72 - train_dl_global number = 390
2026-05-16 21:39:35,199 - TorchvisionDatasetController - INFO - 72 - test_dl_global number = 79
2026-05-16 21:39:35,204 - main - INFO - 36 - Process 4 initialized with device: cpu
2026-05-16 21:39:35,211 - SplitNN_distributed - INFO - 36 - process_id == client_rank : 4
2026-05-16 21:39:35,211 - main - INFO - 72 - Process 0 initialized with device: cuda:0
2026-05-16 21:39:35,218 - SplitNN_distributed - INFO - 72 - process_id == server_rank : 0
2026-05-16 21:39:35,221 - TorchvisionDatasetController - INFO - 36 - process_id = 3, batch_num_train_local = 78, batch_num_test_local = 79
2026-05-16 21:39:35,231 - main - INFO - 36 - Process 3 initialized with device: cpu
2026-05-16 21:39:35,238 - SplitNN_distributed - INFO - 36 - process_id == client_rank : 3
2026-05-16 21:39:35,286 - CommBreakdown - INFO - 36 - tensor_distribution rank=1 node_type=client phase=train epoch=0 sample=early tensor=activations[0] shape=(128, 64, 16, 16) mean=0.865351 std=1.08582 min=0 max=16.4338 mean_abs=0.865351 max_abs=16.4338 p95_abs=3.04912 p99_abs=4.69757 skewness=1.87085 kurtosis=7.86954 mean_channel_std=1.07569 std_channel_std=0.142022 max_channel_scale_over_min_channel_scale=2.63707 spread=high spread_score=1.25477 outliers=medium outlier_score=2.02841 near_zero=medium near_zero_fraction=0.350927
2026-05-16 21:39:35,324 - TorchvisionDatasetController - INFO - 36 - process_id = 5, batch_num_train_local = 78, batch_num_test_local = 79
2026-05-16 21:39:35,335 - main - INFO - 36 - Process 5 initialized with device: cpu
2026-05-16 21:39:35,342 - init_server - INFO - 72 - Server run begin SplitFed
2026-05-16 21:39:35,342 - SplitNN_distributed - INFO - 36 - process_id == client_rank : 5
2026-05-16 21:39:35,347 - init_client - INFO - 36 - Client 3 run begin
2026-05-16 21:39:35,347 - init_client - INFO - 36 - Client 4 run begin
2026-05-16 21:39:35,386 - TorchvisionDatasetController - INFO - 36 - process_id = 2, batch_num_train_local = 78, batch_num_test_local = 79
2026-05-16 21:39:35,396 - main - INFO - 36 - Process 2 initialized with device: cpu
2026-05-16 21:39:35,405 - SplitNN_distributed - INFO - 36 - process_id == client_rank : 2
2026-05-16 21:39:35,437 - init_client - INFO - 36 - Client 5 run begin
2026-05-16 21:39:35,502 - init_client - INFO - 36 - Client 2 run begin
2026-05-16 21:39:36,559 - CommBreakdown - INFO - 36 - tensor_distribution rank=3 node_type=client phase=train epoch=0 sample=early tensor=activations[0] shape=(128, 64, 16, 16) mean=0.863461 std=1.08801 min=0 max=16.2796 mean_abs=0.863461 max_abs=16.2796 p95_abs=3.02119 p99_abs=4.70941 skewness=1.97442 kurtosis=8.96793 mean_channel_std=1.0777 std_channel_std=0.143465 max_channel_scale_over_min_channel_scale=2.31822 spread=high spread_score=1.26006 outliers=medium outlier_score=2.0472 near_zero=medium near_zero_fraction=0.349989
2026-05-16 21:39:36,583 - CommBreakdown - INFO - 36 - tensor_distribution rank=4 node_type=client phase=train epoch=0 sample=early tensor=activations[0] shape=(128, 64, 16, 16) mean=0.868159 std=1.08216 min=0 max=15.6076 mean_abs=0.868159 max_abs=15.6076 p95_abs=3.03874 p99_abs=4.64672 skewness=1.84704 kurtosis=7.81067 mean_channel_std=1.07257 std_channel_std=0.137723 max_channel_scale_over_min_channel_scale=2.41039 spread=medium spread_score=1.2465 outliers=medium outlier_score=1.99931 near_zero=medium near_zero_fraction=0.350293
2026-05-16 21:39:36,788 - CommBreakdown - INFO - 36 - tensor_distribution rank=5 node_type=client phase=train epoch=0 sample=early tensor=activations[0] shape=(128, 64, 16, 16) mean=0.86762 std=1.08041 min=0 max=14.2922 mean_abs=0.86762 max_abs=14.2922 p95_abs=3.03702 p99_abs=4.63988 skewness=1.82707 kurtosis=7.59038 mean_channel_std=1.07073 std_channel_std=0.138289 max_channel_scale_over_min_channel_scale=2.49867 spread=medium spread_score=1.24526 outliers=medium outlier_score=1.99791 near_zero=medium near_zero_fraction=0.350805
2026-05-16 21:39:36,884 - CommBreakdown - INFO - 36 - tensor_distribution rank=2 node_type=client phase=train epoch=0 sample=early tensor=activations[0] shape=(128, 64, 16, 16) mean=0.868032 std=1.08066 min=0 max=16.9418 mean_abs=0.868032 max_abs=16.9418 p95_abs=3.03755 p99_abs=4.64675 skewness=1.83015 kurtosis=7.61316 mean_channel_std=1.07138 std_channel_std=0.135317 max_channel_scale_over_min_channel_scale=2.69536 spread=medium spread_score=1.24495 outliers=medium outlier_score=2.00069 near_zero=medium near_zero_fraction=0.350065
2026-05-16 21:39:37,543 - CommBreakdown - INFO - 72 - tensor_distribution rank=0 node_type=server phase=train epoch=0 sample=early tensor=activation_grads shape=(128, 64, 16, 16) mean=3.52992e-09 std=5.63817e-05 min=-0.000495155 max=0.000450747 mean_abs=4.10419e-05 max_abs=0.000495155 p95_abs=0.000117497 p99_abs=0.000178649 skewness=0.000366667 kurtosis=5.46475e-05 mean_channel_std=5.63572e-05 std_channel_std=1.66182e-06 max_channel_scale_over_min_channel_scale=1.58795 spread=high spread_score=1.37376 outliers=medium outlier_score=1.95513 near_zero=low near_zero_fraction=0.0801601
2026-05-16 21:40:04,941 - SplitNNClient - INFO - 36 - phase=train acc=0.10859375 loss=35.02462649345398 epoch=0 and step=10
2026-05-16 21:40:05,494 - SplitNNClient - INFO - 36 - phase=train acc=0.125 loss=32.54098558425903 epoch=0 and step=10
2026-05-16 21:40:06,090 - SplitNNClient - INFO - 36 - phase=train acc=0.12109375 loss=31.944361448287964 epoch=0 and step=10
2026-05-16 21:40:06,731 - SplitNNClient - INFO - 36 - phase=train acc=0.121875 loss=33.94895911216736 epoch=0 and step=10
2026-05-16 21:40:07,361 - SplitNNClient - INFO - 36 - phase=train acc=0.13203125 loss=28.932862520217896 epoch=0 and step=10
2026-05-16 21:40:34,891 - SplitNNClient - INFO - 36 - phase=train acc=0.104296875 loss=59.61234998703003 epoch=0 and step=20
2026-05-16 21:40:35,486 - SplitNNClient - INFO - 36 - phase=train acc=0.13984375 loss=57.07284212112427 epoch=0 and step=20
2026-05-16 21:40:36,072 - SplitNNClient - INFO - 36 - phase=train acc=0.13671875 loss=56.418617486953735 epoch=0 and step=20
2026-05-16 21:40:36,680 - SplitNNClient - INFO - 36 - phase=train acc=0.128515625 loss=58.92667889595032 epoch=0 and step=20
2026-05-16 21:40:37,296 - SplitNNClient - INFO - 36 - phase=train acc=0.14609375 loss=54.37132668495178 epoch=0 and step=20
2026-05-16 21:41:04,876 - SplitNNClient - INFO - 36 - phase=train acc=0.1171875 loss=83.53643774986267 epoch=0 and step=30
2026-05-16 21:41:05,510 - SplitNNClient - INFO - 36 - phase=train acc=0.15364583333333334 loss=80.49190640449524 epoch=0 and step=30
2026-05-16 21:41:06,091 - SplitNNClient - INFO - 36 - phase=train acc=0.15 loss=78.88410997390747 epoch=0 and step=30
2026-05-16 21:41:06,736 - SplitNNClient - INFO - 36 - phase=train acc=0.1421875 loss=81.1564667224884 epoch=0 and step=30
2026-05-16 21:41:07,299 - SplitNNClient - INFO - 36 - phase=train acc=0.15598958333333332 loss=77.13610291481018 epoch=0 and step=30
2026-05-16 21:41:34,712 - SplitNNClient - INFO - 36 - phase=train acc=0.1341796875 loss=105.2493326663971 epoch=0 and step=40
2026-05-16 21:41:35,217 - SplitNNClient - INFO - 36 - phase=train acc=0.15859375 loss=102.56595468521118 epoch=0 and step=40
2026-05-16 21:41:35,809 - SplitNNClient - INFO - 36 - phase=train acc=0.15390625 loss=101.27273631095886 epoch=0 and step=40
2026-05-16 21:41:36,444 - SplitNNClient - INFO - 36 - phase=train acc=0.1541015625 loss=102.86411094665527 epoch=0 and step=40
2026-05-16 21:41:37,023 - SplitNNClient - INFO - 36 - phase=train acc=0.169140625 loss=98.99583840370178 epoch=0 and step=40
2026-05-16 21:42:04,242 - SplitNNClient - INFO - 36 - phase=train acc=0.1503125 loss=126.47743225097656 epoch=0 and step=50
2026-05-16 21:42:04,840 - SplitNNClient - INFO - 36 - phase=train acc=0.1675 loss=124.29897046089172 epoch=0 and step=50
2026-05-16 21:42:05,409 - SplitNNClient - INFO - 36 - phase=train acc=0.1640625 loss=122.67447996139526 epoch=0 and step=50
2026-05-16 21:42:05,989 - SplitNNClient - INFO - 36 - phase=train acc=0.1634375 loss=123.71015202999115 epoch=0 and step=50
2026-05-16 21:42:06,590 - SplitNNClient - INFO - 36 - phase=train acc=0.17484375 loss=120.35193061828613 epoch=0 and step=50
2026-05-16 21:42:33,687 - SplitNNClient - INFO - 36 - phase=train acc=0.16302083333333334 loss=147.49485516548157 epoch=0 and step=60
2026-05-16 21:42:34,231 - SplitNNClient - INFO - 36 - phase=train acc=0.173828125 loss=145.55229139328003 epoch=0 and step=60
2026-05-16 21:42:34,928 - SplitNNClient - INFO - 36 - phase=train acc=0.173046875 loss=144.00228071212769 epoch=0 and step=60
2026-05-16 21:42:35,460 - SplitNNClient - INFO - 36 - phase=train acc=0.17408854166666668 loss=144.28815019130707 epoch=0 and step=60
2026-05-16 21:42:36,047 - SplitNNClient - INFO - 36 - phase=train acc=0.18489583333333334 loss=141.22790002822876 epoch=0 and step=60
2026-05-16 21:43:03,236 - SplitNNClient - INFO - 36 - phase=train acc=0.17354910714285715 loss=167.86501216888428 epoch=0 and step=70
2026-05-16 21:43:03,852 - SplitNNClient - INFO - 36 - phase=train acc=0.17745535714285715 loss=166.5784285068512 epoch=0 and step=70
2026-05-16 21:43:04,386 - SplitNNClient - INFO - 36 - phase=train acc=0.17756696428571428 loss=165.4442880153656 epoch=0 and step=70
2026-05-16 21:43:05,015 - SplitNNClient - INFO - 36 - phase=train acc=0.18247767857142858 loss=164.8792700767517 epoch=0 and step=70
2026-05-16 21:43:05,588 - SplitNNClient - INFO - 36 - phase=train acc=0.18962053571428572 loss=162.14730167388916 epoch=0 and step=70
2026-05-16 21:43:29,148 - FedServerManager - INFO - 36 - get all model params ---- from rank fed_server
2026-05-16 21:43:55,384 - SplitNNClient - INFO - 36 - phase=validation acc=0.1003 loss=182.49779772758484 epoch=0 and step=79
2026-05-16 21:43:55,526 - SplitNNClient - INFO - 36 - phase=validation acc=0.1003 loss=182.49779772758484 epoch=0 and step=79
2026-05-16 21:43:55,689 - SplitNNClient - INFO - 36 - phase=validation acc=0.1003 loss=182.49779772758484 epoch=0 and step=79
2026-05-16 21:43:55,830 - SplitNNClient - INFO - 36 - phase=validation acc=0.1003 loss=182.49779772758484 epoch=0 and step=79
2026-05-16 21:43:56,037 - SplitNNClient - INFO - 36 - phase=validation acc=0.1003 loss=182.49779772758484 epoch=0 and step=79
2026-05-16 21:43:57,198 - CommBreakdown - INFO - 36 - tensor_distribution rank=2 node_type=client phase=train epoch=1 sample=middle/late tensor=activations[0] shape=(128, 64, 16, 16) mean=0.782966 std=1.3477 min=0 max=27.6907 mean_abs=0.782966 max_abs=27.6907 p95_abs=2.79878 p99_abs=6.75032 skewness=4.72478 kurtosis=39.0809 mean_channel_std=1.22982 std_channel_std=0.539749 max_channel_scale_over_min_channel_scale=11.5705 spread=high spread_score=1.72127 outliers=high outlier_score=3.45584 near_zero=medium near_zero_fraction=0.380372
2026-05-16 21:43:57,209 - CommBreakdown - INFO - 36 - tensor_distribution rank=1 node_type=client phase=train epoch=1 sample=middle/late tensor=activations[0] shape=(128, 64, 16, 16) mean=0.755406 std=1.3872 min=0 max=26.1374 mean_abs=0.755406 max_abs=26.1374 p95_abs=2.62806 p99_abs=6.8372 skewness=5.61805 kurtosis=52.7154 mean_channel_std=1.25642 std_channel_std=0.577746 max_channel_scale_over_min_channel_scale=11.4675 spread=high spread_score=1.83636 outliers=high outlier_score=3.68389 near_zero=medium near_zero_fraction=0.378415
2026-05-16 21:43:57,211 - CommBreakdown - INFO - 36 - tensor_distribution rank=5 node_type=client phase=train epoch=1 sample=middle/late tensor=activations[0] shape=(128, 64, 16, 16) mean=0.769886 std=1.36577 min=0 max=29.6771 mean_abs=0.769886 max_abs=29.6771 p95_abs=2.75234 p99_abs=6.6864 skewness=5.17718 kurtosis=47.107 mean_channel_std=1.24243 std_channel_std=0.556484 max_channel_scale_over_min_channel_scale=12.44 spread=high spread_score=1.77399 outliers=high outlier_score=3.48927 near_zero=medium near_zero_fraction=0.381669
2026-05-16 21:43:57,214 - CommBreakdown - INFO - 36 - tensor_distribution rank=4 node_type=client phase=train epoch=1 sample=middle/late tensor=activations[0] shape=(128, 64, 16, 16) mean=0.771886 std=1.363 min=0 max=26.2674 mean_abs=0.771886 max_abs=26.2674 p95_abs=2.73996 p99_abs=6.40567 skewness=5.34011 kurtosis=49.5473 mean_channel_std=1.2422 std_channel_std=0.550042 max_channel_scale_over_min_channel_scale=10.5477 spread=high spread_score=1.7658 outliers=high outlier_score=3.3177 near_zero=medium near_zero_fraction=0.380398
2026-05-16 21:43:57,292 - CommBreakdown - INFO - 36 - tensor_distribution rank=3 node_type=client phase=train epoch=1 sample=middle/late tensor=activations[0] shape=(128, 64, 16, 16) mean=0.786762 std=1.3479 min=0 max=23.5426 mean_abs=0.786762 max_abs=23.5426 p95_abs=2.84231 p99_abs=6.6246 skewness=4.56687 kurtosis=36.4978 mean_channel_std=1.22828 std_channel_std=0.543394 max_channel_scale_over_min_channel_scale=9.57964 spread=high spread_score=1.71323 outliers=high outlier_score=3.3592 near_zero=medium near_zero_fraction=0.38252
2026-05-16 21:43:57,792 - CommBreakdown - INFO - 72 - tensor_distribution rank=0 node_type=server phase=train epoch=1 sample=middle/late tensor=activation_grads shape=(128, 64, 16, 16) mean=-2.9772e-10 std=6.43862e-06 min=-0.00041378 max=0.000305787 mean_abs=2.2353e-06 max_abs=0.00041378 p95_abs=8.2041e-06 p99_abs=2.14463e-05 skewness=-0.00109043 kurtosis=5.32787e-07 mean_channel_std=5.99069e-06 std_channel_std=2.35953e-06 max_channel_scale_over_min_channel_scale=5.80219 spread=high spread_score=2.88043 outliers=high outlier_score=4.21985 near_zero=medium near_zero_fraction=0.234541
2026-05-16 21:44:24,681 - SplitNNClient - INFO - 36 - phase=train acc=0.175 loss=23.07934045791626 epoch=1 and step=10
2026-05-16 21:44:25,279 - SplitNNClient - INFO - 36 - phase=train acc=0.16015625 loss=24.38484001159668 epoch=1 and step=10
2026-05-16 21:44:25,949 - SplitNNClient - INFO - 36 - phase=train acc=0.184375 loss=23.60900092124939 epoch=1 and step=10
2026-05-16 21:44:26,504 - SplitNNClient - INFO - 36 - phase=train acc=0.171875 loss=24.422459602355957 epoch=1 and step=10
2026-05-16 21:44:27,086 - SplitNNClient - INFO - 36 - phase=train acc=0.190625 loss=22.706257820129395 epoch=1 and step=10
2026-05-16 21:44:54,658 - SplitNNClient - INFO - 36 - phase=train acc=0.1859375 loss=44.12574243545532 epoch=1 and step=20
2026-05-16 21:44:55,245 - SplitNNClient - INFO - 36 - phase=train acc=0.1859375 loss=45.7518630027771 epoch=1 and step=20
2026-05-16 21:44:55,866 - SplitNNClient - INFO - 36 - phase=train acc=0.182421875 loss=45.1294047832489 epoch=1 and step=20
2026-05-16 21:44:56,428 - SplitNNClient - INFO - 36 - phase=train acc=0.18125 loss=45.451162695884705 epoch=1 and step=20
2026-05-16 21:44:57,028 - SplitNNClient - INFO - 36 - phase=train acc=0.1921875 loss=43.953017234802246 epoch=1 and step=20
2026-05-16 21:45:24,584 - SplitNNClient - INFO - 36 - phase=train acc=0.19713541666666667 loss=64.90755069255829 epoch=1 and step=30
2026-05-16 21:45:25,160 - SplitNNClient - INFO - 36 - phase=train acc=0.19244791666666666 loss=66.95495557785034 epoch=1 and step=30
2026-05-16 21:45:25,819 - SplitNNClient - INFO - 36 - phase=train acc=0.20260416666666667 loss=65.73504948616028 epoch=1 and step=30
2026-05-16 21:45:26,350 - SplitNNClient - INFO - 36 - phase=train acc=0.19479166666666667 loss=65.73089754581451 epoch=1 and step=30
2026-05-16 21:45:26,998 - SplitNNClient - INFO - 36 - phase=train acc=0.20104166666666667 loss=64.39819061756134 epoch=1 and step=30
2026-05-16 21:45:54,337 - SplitNNClient - INFO - 36 - phase=train acc=0.2001953125 loss=85.34969425201416 epoch=1 and step=40
2026-05-16 21:45:54,911 - SplitNNClient - INFO - 36 - phase=train acc=0.1955078125 loss=87.85839414596558 epoch=1 and step=40
2026-05-16 21:45:55,539 - SplitNNClient - INFO - 36 - phase=train acc=0.209765625 loss=86.09582054615021 epoch=1 and step=40
2026-05-16 21:45:56,068 - SplitNNClient - INFO - 36 - phase=train acc=0.202734375 loss=85.93797028064728 epoch=1 and step=40
2026-05-16 21:45:56,717 - SplitNNClient - INFO - 36 - phase=train acc=0.2064453125 loss=84.84968984127045 epoch=1 and step=40
2026-05-16 21:46:24,164 - SplitNNClient - INFO - 36 - phase=train acc=0.20640625 loss=105.18822145462036 epoch=1 and step=50
2026-05-16 21:46:24,801 - SplitNNClient - INFO - 36 - phase=train acc=0.20859375 loss=107.60806202888489 epoch=1 and step=50
2026-05-16 21:46:25,349 - SplitNNClient - INFO - 36 - phase=train acc=0.2134375 loss=106.30915594100952 epoch=1 and step=50
2026-05-16 21:46:25,971 - SplitNNClient - INFO - 36 - phase=train acc=0.21 loss=106.29215133190155 epoch=1 and step=50
2026-05-16 21:46:26,539 - SplitNNClient - INFO - 36 - phase=train acc=0.210625 loss=105.0084981918335 epoch=1 and step=50
2026-05-16 21:46:54,110 - SplitNNClient - INFO - 36 - phase=train acc=0.21614583333333334 loss=124.67670595645905 epoch=1 and step=60
2026-05-16 21:46:54,701 - SplitNNClient - INFO - 36 - phase=train acc=0.21614583333333334 loss=127.71853685379028 epoch=1 and step=60
2026-05-16 21:46:55,307 - SplitNNClient - INFO - 36 - phase=train acc=0.213671875 loss=126.50016951560974 epoch=1 and step=60
2026-05-16 21:46:55,901 - SplitNNClient - INFO - 36 - phase=train acc=0.221484375 loss=125.73084092140198 epoch=1 and step=60
2026-05-16 21:46:56,483 - SplitNNClient - INFO - 36 - phase=train acc=0.217578125 loss=125.0753003358841 epoch=1 and step=60
2026-05-16 21:47:23,844 - SplitNNClient - INFO - 36 - phase=train acc=0.22075892857142856 loss=144.3752237558365 epoch=1 and step=70
2026-05-16 21:47:24,453 - SplitNNClient - INFO - 36 - phase=train acc=0.22410714285714287 loss=147.22435319423676 epoch=1 and step=70
2026-05-16 21:47:25,084 - SplitNNClient - INFO - 36 - phase=train acc=0.22020089285714287 loss=146.429549574852 epoch=1 and step=70
2026-05-16 21:47:25,608 - SplitNNClient - INFO - 36 - phase=train acc=0.22767857142857142 loss=145.01289904117584 epoch=1 and step=70
2026-05-16 21:47:26,317 - SplitNNClient - INFO - 36 - phase=train acc=0.21640625 loss=145.0563509464264 epoch=1 and step=70
2026-05-16 21:47:49,983 - FedServerManager - INFO - 36 - get all model params ---- from rank fed_server
2026-05-16 21:48:15,964 - SplitNNClient - INFO - 36 - phase=validation acc=0.2027 loss=166.76981258392334 epoch=1 and step=79
2026-05-16 21:48:15,995 - CommBreakdown - INFO - 36 - rank=3 node_type=client total_send=2621039690 total_receive=1310015052 send_by_category={'ACTS': 2619772502, 'MODEL': 1266516, 'OTHER': 672} recv_by_category={'GRADS': 1308748296, 'MODEL': 1266420, 'OTHER': 336} send_by_type={2: 2619772502, 7: 1266516, 3: 224, 4: 224, 5: 224} recv_by_type={1: 1308748296, 8: 1266420, 11: 224, 12: 112} mm_send_by_type={2: 2619763710, 7: 1266460, 3: 168, 4: 168, 5: 168} mm_recv_by_type={1: 1308748296, 8: 1266420, 11: 224, 12: 112}
2026-05-16 21:48:16,031 - init_client - INFO - 36 - Client 3 run end
2026-05-16 21:48:17,040 - SplitNNClient - INFO - 36 - phase=validation acc=0.2027 loss=166.76981258392334 epoch=1 and step=79
2026-05-16 21:48:17,052 - CommBreakdown - INFO - 36 - rank=5 node_type=client total_send=2621039690 total_receive=1310015052 send_by_category={'ACTS': 2619772502, 'MODEL': 1266516, 'OTHER': 672} recv_by_category={'GRADS': 1308748296, 'MODEL': 1266420, 'OTHER': 336} send_by_type={2: 2619772502, 7: 1266516, 3: 224, 4: 224, 5: 224} recv_by_type={1: 1308748296, 8: 1266420, 11: 224, 12: 112} mm_send_by_type={2: 2619763710, 7: 1266460, 3: 168, 4: 168, 5: 168} mm_recv_by_type={1: 1308748296, 8: 1266420, 11: 224, 12: 112}
2026-05-16 21:48:17,081 - init_client - INFO - 36 - Client 5 run end
2026-05-16 21:48:17,110 - SplitNNClient - INFO - 36 - phase=validation acc=0.2027 loss=166.76981258392334 epoch=1 and step=79
2026-05-16 21:48:17,127 - CommBreakdown - INFO - 36 - rank=4 node_type=client total_send=2621039690 total_receive=1310015052 send_by_category={'ACTS': 2619772502, 'MODEL': 1266516, 'OTHER': 672} recv_by_category={'GRADS': 1308748296, 'MODEL': 1266420, 'OTHER': 336} send_by_type={2: 2619772502, 7: 1266516, 3: 224, 4: 224, 5: 224} recv_by_type={1: 1308748296, 8: 1266420, 11: 224, 12: 112} mm_send_by_type={2: 2619763710, 7: 1266460, 3: 168, 4: 168, 5: 168} mm_recv_by_type={1: 1308748296, 8: 1266420, 11: 224, 12: 112}
2026-05-16 21:48:17,159 - init_client - INFO - 36 - Client 4 run end
2026-05-16 21:48:17,426 - SplitNNClient - INFO - 36 - phase=validation acc=0.2027 loss=166.76981258392334 epoch=1 and step=79
2026-05-16 21:48:17,451 - CommBreakdown - INFO - 36 - rank=1 node_type=client total_send=2621039690 total_receive=1310015052 send_by_category={'ACTS': 2619772502, 'MODEL': 1266516, 'OTHER': 672} recv_by_category={'GRADS': 1308748296, 'MODEL': 1266420, 'OTHER': 336} send_by_type={2: 2619772502, 7: 1266516, 3: 224, 4: 224, 5: 224} recv_by_type={1: 1308748296, 8: 1266420, 11: 224, 12: 112} mm_send_by_type={2: 2619763710, 7: 1266460, 3: 168, 4: 168, 5: 168} mm_recv_by_type={1: 1308748296, 8: 1266420, 11: 224, 12: 112}
2026-05-16 21:48:17,473 - init_client - INFO - 36 - Client 1 run end
2026-05-16 21:48:17,477 - SplitNNClient - INFO - 36 - phase=validation acc=0.2027 loss=166.76981258392334 epoch=1 and step=79
2026-05-16 21:48:17,519 - CommBreakdown - INFO - 36 - rank=2 node_type=client total_send=2621039690 total_receive=1310015052 send_by_category={'ACTS': 2619772502, 'MODEL': 1266516, 'OTHER': 672} recv_by_category={'GRADS': 1308748296, 'MODEL': 1266420, 'OTHER': 336} send_by_type={2: 2619772502, 7: 1266516, 3: 224, 4: 224, 5: 224} recv_by_type={1: 1308748296, 8: 1266420, 11: 224, 12: 112} mm_send_by_type={2: 2619763710, 7: 1266460, 3: 168, 4: 168, 5: 168} mm_recv_by_type={1: 1308748296, 8: 1266420, 11: 224, 12: 112}
2026-05-16 21:48:17,522 - CommBreakdown - INFO - 36 - rank=6 node_type=server total_send=6332100 total_receive=6333140 send_by_category={'MODEL': 6332100} recv_by_category={'MODEL': 6332580, 'OTHER': 560} send_by_type={8: 6332100} recv_by_type={7: 6332580, 5: 560} mm_send_by_type={8: 6331820} mm_recv_by_type={7: 6332580, 5: 560}
2026-05-16 21:48:17,525 - CommBreakdown - INFO - 72 - rank=0 node_type=server total_send=6543743160 total_receive=13098865310 send_by_category={'GRADS': 6543741480, 'OTHER': 1680} recv_by_category={'ACTS': 13098862510, 'OTHER': 2800} send_by_type={1: 6543741480, 11: 1120, 12: 560} recv_by_type={2: 13098862510, 3: 1120, 4: 1120, 5: 560} mm_send_by_type={1: 6543697520, 11: 840, 12: 420} mm_recv_by_type={2: 13098862510, 3: 1120, 4: 1120, 5: 560}
2026-05-16 21:48:17,532 - init_fed_server - INFO - 36 - FedServer run end
2026-05-16 21:48:17,544 - init_client - INFO - 36 - Client 2 run end
2026-05-16 21:48:17,556 - init_server - INFO - 72 - Server run end
